// Jest Snapshot v1, https://goo.gl/fbAQLP

exports[`Matches Snapshot 1`] = `
<div
  data-testid="todo-1"
>
  <h1>
     Hellow
  </h1>
</div>
`;
