// Jest Snapshot v1, https://goo.gl/fbAQLP

exports[`Matches Snapshot 1`] = `
<div
  class="container-fluid"
>
  <div
    class="row no-gutter"
  >
    <div
      class="col-md-6 d-none d-md-flex bg-image-register"
    />
    <div
      class="col-md-6 bg-light"
    >
      <div
        class="login d-flex align-items-center py-5"
      >
        <div
          class="container"
        >
          <div
            class="row"
          >
            <div
              class="col-lg-10 col-xl-7 mx-auto"
            >
              <h3>
                <img
                  height="100px"
                  src="TMLogo1.png"
                  width="110px"
                />
              </h3>
              <h3
                class="display-4"
              >
                Get an account
              </h3>
              <h6
                class="text-muted mb-4"
              >
                Enter your email and password
              </h6>
              <h6>
                Please wait...
                <div
                  className="container"
                >
                  <h2>
                    <img
                      height="100px"
                      src="loader1.gif"
                      width="100px"
                    />
                  </h2>
                </div>
              </h6>
              <div
                className="register-form"
              >
                <form
                  onSubmit={[Function]}
                >
                  <div
                    className="form-group"
                  >
                    <label
                      htmlFor="username"
                    >
                      Email / Username
                    </label>
                    <input
                      className="form-control"
                      data-testid="username"
                      id="username"
                      name="username"
                      onChange={[Function]}
                      type="text"
                      value=""
                    />
                  </div>
                  <div
                    className="form-group"
                  >
                    <label
                      htmlFor="password"
                    >
                      Password
                    </label>
                    <input
                      className="form-control"
                      data-testid="password"
                      id="password"
                      name="password"
                      onChange={[Function]}
                      type="password"
                      value=""
                    />
                  </div>
                  <div
                    className="form-group"
                  >
                    <label
                      htmlFor="name"
                    >
                      Name
                    </label>
                    <input
                      className="form-control"
                      data-testid="name"
                      id="name"
                      name="name"
                      onChange={[Function]}
                      type="text"
                      value=""
                    />
                  </div>
                  <div
                    className="form-submit-button"
                  >
                    <button
                      className="btn btn-primary"
                      data-testid="Register"
                      disabled={
                        Object {
                          "name": "\\"Name\\" length must be at least 5 characters long",
                          "password": "\\"Password\\" length must be at least 5 characters long",
                          "username": "\\"Username\\" is not allowed to be empty",
                        }
                      }
                    >
                      Register
                    </button>
                  </div>
                </form>
              </div>
              <h6
                class="text-muted mb-4"
              >
                 Already have an account ? Â 
                <a
                  className="mb-4"
                  href="/login"
                  onClick={[Function]}
                >
                  <i>
                    Log in
                  </i>
                </a>
              </h6>
            </div>
          </div>
        </div>
      </div>
    </div>
  </div>
</div>
`;
