// Jest Snapshot v1, https://goo.gl/fbAQLP

exports[`Matches Snapshot 1`] = `
<div
  className="an_home_section_1"
>
  <div
    className="shadow-box"
  />
  <img
    height="100px"
    src="loader1.gif"
    width="100px"
  />
</div>
`;
